// Jest Snapshot v1, https://goo.gl/fbAQLP

exports[`Portal mount a <p/> tag as child 1`] = `"<div class=\\"carbon-portal\\" data-portal-exit=\\"guid-12345\\"><p>john</p></div>"`;

exports[`Portal when using default node to match snapshot  1`] = `
<Portal>
  <span
    data-portal-entrance="guid-12345"
  >
    <Icon
      bgSize="small"
      tooltipAlign="left"
      tooltipMessage="Test"
      tooltipPosition="top"
      type="tick"
    >
      <span
        className="carbon-icon icon-tick"
        data-component="icon"
        data-element="tick"
        key="icon"
        onBlur={[Function]}
        onFocus={[Function]}
        onMouseEnter={[Function]}
        onMouseLeave={[Function]}
        onTouchEnd={[Function]}
      />
    </Icon>
  </span>
</Portal>
`;

exports[`Portal when using default node will mount correctly on document 1`] = `"<div class=\\"carbon-portal\\" data-portal-exit=\\"guid-12345\\"><span class=\\"carbon-icon icon-tick\\" data-component=\\"icon\\" data-element=\\"tick\\"></span></div>"`;
