// Jest Snapshot v1, https://goo.gl/fbAQLP

exports[`Alert include correct component, element and role data tags 1`] = `
<Dialog
  ariaRole="dialog"
  autoFocus={true}
  className="carbon-alert"
  componentTag="alert"
  data-element="bar"
  data-role="baz"
  onCancel={[Function]}
  open={true}
  showCloseIcon={true}
  size="extra-small"
  subtitle="Alert Subtitle"
  title="Alert title"
/>
`;
